[backblue.gif]
[fade.gif]
[index.html]
[steelbattalion.org/top.gif]
[steelbattalion.org/nav01.gif]
[steelbattalion.org/navHomeOver.gif]
[steelbattalion.org/navHome.gif]
[steelbattalion.org/navWhybuyOver.gif]
[steelbattalion.org/navWhybuy.gif]
[steelbattalion.org/navManualOver.gif]
[steelbattalion.org/navManual.gif]
[steelbattalion.org/navWalkthroughOver.gif]
[steelbattalion.org/navWalkthrough.gif]
[steelbattalion.org/navControllerOver.gif]
[steelbattalion.org/navController.gif]
[steelbattalion.org/navVTover.gif]
[steelbattalion.org/navVT.gif]
[steelbattalion.org/navMediaOver.gif]
[steelbattalion.org/navMedia.gif]
[steelbattalion.org/navOnlineOver.gif]
[steelbattalion.org/navOnline.gif]
[steelbattalion.org/navForumOver.gif]
[steelbattalion.org/navForum.gif]
[steelbattalion.org/nav02b.gif]
[steelbattalion.org/nav02.gif]
[steelbattalion.org/welcome.jpg]
[steelbattalion.org/greyPixel.gif]
[steelbattalion.org/endBit.gif]
[steelbattalion.org/index.html]
[steelbattalion.org/sbdotorg.css]
[steelbattalion.org/index-2.html]
[steelbattalion.org/headerRecruits.gif]
[steelbattalion.org/cutterBoom.jpg]
[steelbattalion.org/recruits.html]
[steelbattalion.org/headerManual.gif]
[steelbattalion.org/startup.jpg]
[steelbattalion.org/cockpit1stGen.jpg]
[steelbattalion.org/cockpit2ndGen.jpg]
[steelbattalion.org/cockpit3rdGen.jpg]
[steelbattalion.org/manual.html]
[steelbattalion.org/headerFieldNotes.gif]
[steelbattalion.org/tekki.txt]
[steelbattalion.org/fieldNotes.html]
[steelbattalion.org/headerController.gif]
[steelbattalion.org/controllerOld.jpg]
[steelbattalion.org/measureController.gif]
[steelbattalion.org/controllerNew.jpg]
[steelbattalion.org/sideBySide.jpg]
[steelbattalion.org/sideBySideThumb.jpg]
[steelbattalion.org/plugs.jpg]
[steelbattalion.org/plugsThumb.jpg]
[steelbattalion.org/controllerGuts.jpg]
[steelbattalion.org/controllerGutsThumb.jpg]
[steelbattalion.org/controllerDiagram.gif]
[steelbattalion.org/diagramThumb.jpg]
[steelbattalion.org/controller.html]
[steelbattalion.org/headerVT.gif]
[steelbattalion.org/weaponButtonTanks.gif]
[steelbattalion.org/weaponButtonMainGrey.gif]
[steelbattalion.org/weaponButtonSubGrey.gif]
[steelbattalion.org/vts/hiRes/hiResvtVitzh.jpg]
[steelbattalion.org/vts/vtVitzh.jpg]
[steelbattalion.org/buttonCompare.gif]
[steelbattalion.org/vts/hiRes/hiResvtMvitzh.jpg]
[steelbattalion.org/vts/vtMvitzh.jpg]
[steelbattalion.org/vts/hiRes/hiResvtVortex.jpg]
[steelbattalion.org/vts/vtVortex.jpg]
[steelbattalion.org/vts/hiRes/hiResvtScare.jpg]
[steelbattalion.org/vts/vtScare.jpg]
[steelbattalion.org/vts/hiRes/hiResvtScareA1.jpg]
[steelbattalion.org/vts/vtScareA1.jpg]
[steelbattalion.org/vts/hiRes/hiResvtScare2.jpg]
[steelbattalion.org/vts/vtScare2.jpg]
[steelbattalion.org/vts/hiRes/hiResvtMaelstrom.jpg]
[steelbattalion.org/vts/vtMaelstrom.jpg]
[steelbattalion.org/vts/hiRes/hiResvtBehemoth.jpg]
[steelbattalion.org/vts/vtBehemoth.jpg]
[steelbattalion.org/vts/hiRes/hiResvtGarpike.jpg]
[steelbattalion.org/vts/vtGarpike.jpg]
[steelbattalion.org/vts/hiRes/hiResvtRegalA.jpg]
[steelbattalion.org/vts/vtRegalA.jpg]
[steelbattalion.org/vts/hiRes/hiResvtRegalN.jpg]
[steelbattalion.org/vts/vtRegalN.jpg]
[steelbattalion.org/vts/hiRes/hiResvtJuggernaut.jpg]
[steelbattalion.org/vts/vtJuggernaut.jpg]
[steelbattalion.org/vts/hiRes/hiResvtDecider.jpg]
[steelbattalion.org/vts/vtDecider.jpg]
[steelbattalion.org/vts/hiRes/hiResvtFalchion.jpg]
[steelbattalion.org/vts/vtFalchion.jpg]
[steelbattalion.org/vts/hiRes/hiResvtVolcanic.jpg]
[steelbattalion.org/vts/vtVolcanic.jpg]
[steelbattalion.org/vts/hiRes/hiResvtBlade.jpg]
[steelbattalion.org/vts/vtBlade.jpg]
[steelbattalion.org/vts/hiRes/hiResvtProminenceM1.jpg]
[steelbattalion.org/vts/vtProminenceM1.jpg]
[steelbattalion.org/vts/hiRes/hiResvtRapier.jpg]
[steelbattalion.org/vts/vtRapier.jpg]
[steelbattalion.org/vts/hiRes/hiResvtProminenceM2.jpg]
[steelbattalion.org/vts/vtProminenceM2.jpg]
[steelbattalion.org/vts/hiRes/hiResvtProminenceM3.jpg]
[steelbattalion.org/vts/vtProminenceM3.jpg]
[steelbattalion.org/vts/hiRes/hiResvtQuasar.jpg]
[steelbattalion.org/vts/vtQuasar.jpg]
[steelbattalion.org/vts/hiRes/hiResvtColt.jpg]
[steelbattalion.org/vts/vtColt.jpg]
[steelbattalion.org/vts/hiRes/hiResvtYellowJacket.jpg]
[steelbattalion.org/vts/vtYellowJacket.jpg]
[steelbattalion.org/vts/hiRes/hiResvtSheepdog.jpg]
[steelbattalion.org/vts/vtSheepdog.jpg]
[steelbattalion.org/vts/hiRes/hiResvtSiegeszug.jpg]
[steelbattalion.org/vts/vtSiegeszug.jpg]
[steelbattalion.org/vts/hiRes/hiResvtEarthshaker.jpg]
[steelbattalion.org/vts/vtEarthshaker.jpg]
[steelbattalion.org/vts/hiRes/hiResvtJarC.jpg]
[steelbattalion.org/vts/vtJarC.jpg]
[steelbattalion.org/vts/hiRes/hiResvtJarN.jpg]
[steelbattalion.org/vts/vtJarN.jpg]
[steelbattalion.org/vts/hiRes/hiResvtJarNSR.jpg]
[steelbattalion.org/vts/vtJarNSR.jpg]
[steelbattalion.org/vts/vtJarM.jpg]
[steelbattalion.org/vts2.html]
[steelbattalion.org/headerRecon.gif]
[steelbattalion.org/media.jpg]
[steelbattalion.org/recon.html]
[steelbattalion.org/headerWarfare.gif]
[steelbattalion.org/locMain.jpg]
[steelbattalion.org/warfare.html]
[steelbattalion.org/media/consumer/consumer6.jpg]
[steelbattalion.org/media/consumer/thumb6.jpg]
[steelbattalion.org/media/consumer/consumer5.jpg]
[steelbattalion.org/media/consumer/thumb5.jpg]
[steelbattalion.org/media/consumer/consumer4.jpg]
[steelbattalion.org/media/consumer/thumb4.jpg]
[steelbattalion.org/media/consumer/consumer3.jpg]
[steelbattalion.org/media/consumer/thumb3.jpg]
[steelbattalion.org/media/consumer/consumer2.jpg]
[steelbattalion.org/media/consumer/thumb2.jpg]
[steelbattalion.org/media/consumer/consumer1.jpg]
[steelbattalion.org/media/consumer/thumb1.jpg]
[steelbattalion.org/media/consumer/consumer0.jpg]
[steelbattalion.org/media/consumer/thumb0.jpg]
[steelbattalion.org/consumer.html]
[steelbattalion.org/media/setups/setup12.jpg]
[steelbattalion.org/media/setups/thumb12.jpg]
[steelbattalion.org/media/setups/setup11.jpg]
[steelbattalion.org/media/setups/thumb11.jpg]
[steelbattalion.org/media/setups/setup10.jpg]
[steelbattalion.org/media/setups/thumb10.jpg]
[steelbattalion.org/media/setups/setup9.jpg]
[steelbattalion.org/media/setups/thumb9.jpg]
[steelbattalion.org/media/setups/setup8.jpg]
[steelbattalion.org/media/setups/thumb8.jpg]
[steelbattalion.org/media/setups/setup7.jpg]
[steelbattalion.org/media/setups/thumb7.jpg]
[steelbattalion.org/media/setups/setup6.jpg]
[steelbattalion.org/media/setups/thumb6.jpg]
[steelbattalion.org/media/setups/setup5.jpg]
[steelbattalion.org/media/setups/thumb5.jpg]
[steelbattalion.org/media/setups/setup4.jpg]
[steelbattalion.org/media/setups/thumb4.jpg]
[steelbattalion.org/media/setups/setup3.jpg]
[steelbattalion.org/media/setups/thumb3.jpg]
[steelbattalion.org/media/setups/setup2.jpg]
[steelbattalion.org/media/setups/thumb2.jpg]
[steelbattalion.org/media/setups/setup1.jpg]
[steelbattalion.org/media/setups/thumb1.jpg]
[steelbattalion.org/media/setups/setup0.jpg]
[steelbattalion.org/media/setups/thumb0.jpg]
[steelbattalion.org/setups.html]
[steelbattalion.org/media/drawings/drawing25.jpg]
[steelbattalion.org/media/drawings/thumb25.jpg]
[steelbattalion.org/media/drawings/drawing24.jpg]
[steelbattalion.org/media/drawings/thumb24.jpg]
[steelbattalion.org/media/drawings/drawing23.jpg]
[steelbattalion.org/media/drawings/thumb23.jpg]
[steelbattalion.org/media/drawings/drawing22.jpg]
[steelbattalion.org/media/drawings/thumb22.jpg]
[steelbattalion.org/media/drawings/drawing21.jpg]
[steelbattalion.org/media/drawings/thumb21.jpg]
[steelbattalion.org/media/drawings/drawing20.jpg]
[steelbattalion.org/media/drawings/thumb20.jpg]
[steelbattalion.org/media/drawings/drawing19.jpg]
[steelbattalion.org/media/drawings/thumb19.jpg]
[steelbattalion.org/media/drawings/drawing18.jpg]
[steelbattalion.org/media/drawings/thumb18.jpg]
[steelbattalion.org/media/drawings/drawing17.jpg]
[steelbattalion.org/media/drawings/thumb17.jpg]
[steelbattalion.org/media/drawings/drawing16.jpg]
[steelbattalion.org/media/drawings/thumb16.jpg]
[steelbattalion.org/media/drawings/drawing15.jpg]
[steelbattalion.org/media/drawings/thumb15.jpg]
[steelbattalion.org/media/drawings/drawing14.jpg]
[steelbattalion.org/media/drawings/thumb14.jpg]
[steelbattalion.org/media/drawings/drawing13.jpg]
[steelbattalion.org/media/drawings/thumb13.jpg]
[steelbattalion.org/media/drawings/drawing12.jpg]
[steelbattalion.org/media/drawings/thumb12.jpg]
[steelbattalion.org/media/drawings/drawing11.jpg]
[steelbattalion.org/media/drawings/thumb11.jpg]
[steelbattalion.org/media/drawings/drawing10.jpg]
[steelbattalion.org/media/drawings/thumb10.jpg]
[steelbattalion.org/media/drawings/drawing9.jpg]
[steelbattalion.org/media/drawings/thumb9.jpg]
[steelbattalion.org/media/drawings/drawing8.jpg]
[steelbattalion.org/media/drawings/thumb8.jpg]
[steelbattalion.org/media/drawings/drawing7.jpg]
[steelbattalion.org/media/drawings/thumb7.jpg]
[steelbattalion.org/media/drawings/drawing6.jpg]
[steelbattalion.org/media/drawings/thumb6.jpg]
[steelbattalion.org/media/drawings/drawing5.jpg]
[steelbattalion.org/media/drawings/thumb5.jpg]
[steelbattalion.org/media/drawings/drawing4.jpg]
[steelbattalion.org/media/drawings/thumb4.jpg]
[steelbattalion.org/media/drawings/drawing3.jpg]
[steelbattalion.org/media/drawings/thumb3.jpg]
[steelbattalion.org/media/drawings/drawing2.jpg]
[steelbattalion.org/media/drawings/thumb2.jpg]
[steelbattalion.org/media/drawings/drawing1.jpg]
[steelbattalion.org/media/drawings/thumb1.jpg]
[steelbattalion.org/media/drawings/drawing0.jpg]
[steelbattalion.org/media/drawings/thumb0.jpg]
[steelbattalion.org/drawings.html]
[steelbattalion.org/media/maps/hiResmap0.jpg]
[steelbattalion.org/media/maps/map0.jpg]
[steelbattalion.org/media/maps/hiResmap1.jpg]
[steelbattalion.org/media/maps/map1.jpg]
[steelbattalion.org/media/maps/hiResmap2.jpg]
[steelbattalion.org/media/maps/map2.jpg]
[steelbattalion.org/media/maps/hiResmap3.jpg]
[steelbattalion.org/media/maps/map3.jpg]
[steelbattalion.org/media/maps/hiResmap4.jpg]
[steelbattalion.org/media/maps/map4.jpg]
[steelbattalion.org/media/maps/hiResmap5.jpg]
[steelbattalion.org/media/maps/map5.jpg]
[steelbattalion.org/media/maps/hiResmap6.jpg]
[steelbattalion.org/media/maps/map6.jpg]
[steelbattalion.org/media/maps/hiResmap7.jpg]
[steelbattalion.org/media/maps/map7.jpg]
[steelbattalion.org/media/maps/hiResmap8.jpg]
[steelbattalion.org/media/maps/map8.jpg]
[steelbattalion.org/media/maps/hiResmap9.jpg]
[steelbattalion.org/media/maps/map9.jpg]
[steelbattalion.org/media/maps/hiResmap10.jpg]
[steelbattalion.org/media/maps/map10.jpg]
[steelbattalion.org/media/maps/hiResmap11.jpg]
[steelbattalion.org/media/maps/map11.jpg]
[steelbattalion.org/media/maps/hiResmap12.jpg]
[steelbattalion.org/media/maps/map12.jpg]
[steelbattalion.org/media/maps/hiResmap13.jpg]
[steelbattalion.org/media/maps/map13.jpg]
[steelbattalion.org/media/maps/hiResmap14.jpg]
[steelbattalion.org/media/maps/map14.jpg]
[steelbattalion.org/media/maps/hiResmap15.jpg]
[steelbattalion.org/media/maps/map15.jpg]
[steelbattalion.org/media/maps/hiResmap16.jpg]
[steelbattalion.org/media/maps/map16.jpg]
[steelbattalion.org/media/maps/hiResmap17.jpg]
[steelbattalion.org/media/maps/map17.jpg]
[steelbattalion.org/media/maps/hiResmap18.jpg]
[steelbattalion.org/media/maps/map18.jpg]
[steelbattalion.org/media/maps/hiResmap19.jpg]
[steelbattalion.org/media/maps/map19.jpg]
[steelbattalion.org/media/maps/hiResmap20.jpg]
[steelbattalion.org/media/maps/map20.jpg]
[steelbattalion.org/media/maps/hiResmap21.jpg]
[steelbattalion.org/media/maps/map21.jpg]
[steelbattalion.org/media/maps/hiResmap22.jpg]
[steelbattalion.org/media/maps/map22.jpg]
[steelbattalion.org/media/maps/hiResmap23.jpg]
[steelbattalion.org/media/maps/map23.jpg]
[steelbattalion.org/media/maps/hiResmap24.jpg]
[steelbattalion.org/media/maps/map24.jpg]
[steelbattalion.org/locMaps.html]
[steelbattalion.org/weaponButtonTanksGrey.gif]
[steelbattalion.org/vts2compare.html]
[steelbattalion.org/headerNoob.gif]
[steelbattalion.org/n00bImage.jpg]
[steelbattalion.org/n00b.html]
[steelbattalion.org/headerCommTutorial.gif]
[steelbattalion.org/commTutorialMedia/controllerButtons.jpg]
[steelbattalion.org/commTutorialMedia/tuner.jpg]
[steelbattalion.org/commTutorialMedia/channelTwo.jpg]
[steelbattalion.org/commTutorialMedia/blinkyOrange.jpg]
[steelbattalion.org/commTutorialMedia/teammatesMain.jpg]
[steelbattalion.org/commTutorialMedia/teammatesMap.jpg]
[steelbattalion.org/commTutorial.html]
[steelbattalion.org/forum/index.html]
[steelbattalion.org/media/screensLOC/screen32.jpg]
[steelbattalion.org/media/screensLOC/thumb32.jpg]
[steelbattalion.org/media/screensLOC/screen31.jpg]
[steelbattalion.org/media/screensLOC/thumb31.jpg]
[steelbattalion.org/media/screensLOC/screen30.jpg]
[steelbattalion.org/media/screensLOC/thumb30.jpg]
[steelbattalion.org/media/screensLOC/screen29.jpg]
[steelbattalion.org/media/screensLOC/thumb29.jpg]
[steelbattalion.org/media/screensLOC/screen28.jpg]
[steelbattalion.org/media/screensLOC/thumb28.jpg]
[steelbattalion.org/media/screensLOC/screen27.jpg]
[steelbattalion.org/media/screensLOC/thumb27.jpg]
[steelbattalion.org/media/screensLOC/screen26.jpg]
[steelbattalion.org/media/screensLOC/thumb26.jpg]
[steelbattalion.org/media/screensLOC/screen25.jpg]
[steelbattalion.org/media/screensLOC/thumb25.jpg]
[steelbattalion.org/media/screensLOC/screen24.jpg]
[steelbattalion.org/media/screensLOC/thumb24.jpg]
[steelbattalion.org/media/screensLOC/screen23.jpg]
[steelbattalion.org/media/screensLOC/thumb23.jpg]
[steelbattalion.org/media/screensLOC/screen22.jpg]
[steelbattalion.org/media/screensLOC/thumb22.jpg]
[steelbattalion.org/media/screensLOC/screen21.jpg]
[steelbattalion.org/media/screensLOC/thumb21.jpg]
[steelbattalion.org/media/screensLOC/screen20.jpg]
[steelbattalion.org/media/screensLOC/thumb20.jpg]
[steelbattalion.org/media/screensLOC/screen19.jpg]
[steelbattalion.org/media/screensLOC/thumb19.jpg]
[steelbattalion.org/media/screensLOC/screen18.jpg]
[steelbattalion.org/media/screensLOC/thumb18.jpg]
[steelbattalion.org/media/screensLOC/screen17.jpg]
[steelbattalion.org/media/screensLOC/thumb17.jpg]
[steelbattalion.org/media/screensLOC/screen16.jpg]
[steelbattalion.org/media/screensLOC/thumb16.jpg]
[steelbattalion.org/media/screensLOC/screen15.jpg]
[steelbattalion.org/media/screensLOC/thumb15.jpg]
[steelbattalion.org/media/screensLOC/screen14.jpg]
[steelbattalion.org/media/screensLOC/thumb14.jpg]
[steelbattalion.org/media/screensLOC/screen13.jpg]
[steelbattalion.org/media/screensLOC/thumb13.jpg]
[steelbattalion.org/media/screensLOC/screen12.jpg]
[steelbattalion.org/media/screensLOC/thumb12.jpg]
[steelbattalion.org/media/screensLOC/screen11.jpg]
[steelbattalion.org/media/screensLOC/thumb11.jpg]
[steelbattalion.org/media/screensLOC/screen10.jpg]
[steelbattalion.org/media/screensLOC/thumb10.jpg]
[steelbattalion.org/media/screensLOC/screen9.jpg]
[steelbattalion.org/media/screensLOC/thumb9.jpg]
[steelbattalion.org/media/screensLOC/screen8.jpg]
[steelbattalion.org/media/screensLOC/thumb8.jpg]
[steelbattalion.org/media/screensLOC/screen7.jpg]
[steelbattalion.org/media/screensLOC/thumb7.jpg]
[steelbattalion.org/media/screensLOC/screen6.jpg]
[steelbattalion.org/media/screensLOC/thumb6.jpg]
[steelbattalion.org/media/screensLOC/screen5.jpg]
[steelbattalion.org/media/screensLOC/thumb5.jpg]
[steelbattalion.org/media/screensLOC/screen4.jpg]
[steelbattalion.org/media/screensLOC/thumb4.jpg]
[steelbattalion.org/media/screensLOC/screen3.jpg]
[steelbattalion.org/media/screensLOC/thumb3.jpg]
[steelbattalion.org/media/screensLOC/screen2.jpg]
[steelbattalion.org/media/screensLOC/thumb2.jpg]
[steelbattalion.org/media/screensLOC/screen1.jpg]
[steelbattalion.org/media/screensLOC/thumb1.jpg]
[steelbattalion.org/media/screensLOC/screen0.jpg]
[steelbattalion.org/media/screensLOC/thumb0.jpg]
[steelbattalion.org/screenshotsLOC.html]
[steelbattalion.org/media/misc/toy5.jpg]
[steelbattalion.org/media/misc/thumb5.jpg]
[steelbattalion.org/media/misc/toy4.jpg]
[steelbattalion.org/media/misc/thumb4.jpg]
[steelbattalion.org/media/misc/toy3.jpg]
[steelbattalion.org/media/misc/thumb3.jpg]
[steelbattalion.org/media/misc/toy2.jpg]
[steelbattalion.org/media/misc/thumb2.jpg]
[steelbattalion.org/media/misc/toy1.jpg]
[steelbattalion.org/media/misc/thumb1.jpg]
[steelbattalion.org/media/misc/toy0.jpg]
[steelbattalion.org/media/misc/thumb0.jpg]
[steelbattalion.org/toys.html]
[steelbattalion.org/media/productArt/product7.jpg]
[steelbattalion.org/media/productArt/thumb7.jpg]
[steelbattalion.org/media/productArt/product6.jpg]
[steelbattalion.org/media/productArt/thumb6.jpg]
[steelbattalion.org/media/productArt/product5.jpg]
[steelbattalion.org/media/productArt/thumb5.jpg]
[steelbattalion.org/media/productArt/product4.jpg]
[steelbattalion.org/media/productArt/thumb4.jpg]
[steelbattalion.org/media/productArt/product3.jpg]
[steelbattalion.org/media/productArt/thumb3.jpg]
[steelbattalion.org/media/productArt/product2.jpg]
[steelbattalion.org/media/productArt/thumb2.jpg]
[steelbattalion.org/media/productArt/thumb1.jpg]
[steelbattalion.org/media/productArt/product0.jpg]
[steelbattalion.org/media/productArt/thumb0.jpg]
[steelbattalion.org/product.html]
[steelbattalion.org/media/moviesSB/movie2.qt]
[steelbattalion.org/media/moviesSB/thumb2.jpg]
[steelbattalion.org/media/moviesSB/movie1.qt]
[steelbattalion.org/media/moviesSB/thumb1.jpg]
[steelbattalion.org/media/moviesSB/movie0.qt]
[steelbattalion.org/media/moviesSB/thumb0.jpg]
[steelbattalion.org/moviesSB.html]
[steelbattalion.org/vts.html]
[steelbattalion.org/media/doodles/doodle9.gif]
[steelbattalion.org/media/doodles/thumb9.jpg]
[steelbattalion.org/media/doodles/doodle8.gif]
[steelbattalion.org/media/doodles/thumb8.jpg]
[steelbattalion.org/media/doodles/doodle7.gif]
[steelbattalion.org/media/doodles/thumb7.jpg]
[steelbattalion.org/media/doodles/doodle6.gif]
[steelbattalion.org/media/doodles/thumb6.jpg]
[steelbattalion.org/media/doodles/doodle5.gif]
[steelbattalion.org/media/doodles/thumb5.jpg]
[steelbattalion.org/media/doodles/doodle4.gif]
[steelbattalion.org/media/doodles/thumb4.jpg]
[steelbattalion.org/media/doodles/doodle3.gif]
[steelbattalion.org/media/doodles/thumb3.jpg]
[steelbattalion.org/media/doodles/doodle2.gif]
[steelbattalion.org/media/doodles/thumb2.jpg]
[steelbattalion.org/media/doodles/doodle1.gif]
[steelbattalion.org/media/doodles/thumb1.jpg]
[steelbattalion.org/media/doodles/doodle0.gif]
[steelbattalion.org/media/doodles/thumb0.jpg]
[steelbattalion.org/doodles.html]
[steelbattalion.org/n00b2.html]
[steelbattalion.org/line.html]
[steelbattalion.org/headerWeapons.gif]
[steelbattalion.org/weaponButtonMain.gif]
[steelbattalion.org/weapons2/270-ri.jpg]
[steelbattalion.org/greyPixelLight.gif]
[steelbattalion.org/weapons2/200-ar.jpg]
[steelbattalion.org/weapons2/270-ar.jpg]
[steelbattalion.org/weapons2/315-sb.jpg]
[steelbattalion.org/weapons2/315-tr.jpg]
[steelbattalion.org/weapons2/315-rf.jpg]
[steelbattalion.org/weapons2/320-sr.jpg]
[steelbattalion.org/weapons2/370-sr.jpg]
[steelbattalion.org/weapons2/355-sb.jpg]
[steelbattalion.org/weapons2/430-sb.jpg]
[steelbattalion.org/weapons2/HVM-la.jpg]
[steelbattalion.org/weapons2/120-MG.jpg]
[steelbattalion.org/weapons2/140-MG.jpg]
[steelbattalion.org/weapons2/4A-rec.jpg]
[steelbattalion.org/weapons2/77-rec.jpg]
[steelbattalion.org/weapons2/Mk21-R.jpg]
[steelbattalion.org/weapons2/Mk34-R.jpg]
[steelbattalion.org/weapons2/As-mis.jpg]
[steelbattalion.org/weapons2/Pz-mis.jpg]
[steelbattalion.org/weapons2/MKR-la.jpg]
[steelbattalion.org/weapons2/PPNG-S.jpg]
[steelbattalion.org/weaponsMain2.html]
[steelbattalion.org/weaponButtonSub.gif]
[steelbattalion.org/weapons2/DP-mis.jpg]
[steelbattalion.org/weapons2/TP-mis.jpg]
[steelbattalion.org/weapons2/DL-GM.jpg]
[steelbattalion.org/weapons2/67-CG.jpg]
[steelbattalion.org/weapons2/80-CG.jpg]
[steelbattalion.org/weapons2/100-CG.jpg]
[steelbattalion.org/weapons2/135-MG.jpg]
[steelbattalion.org/weapons2/305-Hw.jpg]
[steelbattalion.org/weapons2/370-Hw.jpg]
[steelbattalion.org/weapons2/550-Hw.jpg]
[steelbattalion.org/weapons2/660-Hw.jpg]
[steelbattalion.org/weapons2/8-MLR.jpg]
[steelbattalion.org/weapons2/12-MLR.jpg]
[steelbattalion.org/weapons2/205-PT.jpg]
[steelbattalion.org/weapons2/22b-PT.jpg]
[steelbattalion.org/weapons2/Stun-R.jpg]
[steelbattalion.org/weapons2/Cut-B.jpg]
[steelbattalion.org/weapons2/GND.jpg]
[steelbattalion.org/weapons2/T-GND.jpg]
[steelbattalion.org/weapons2/FMTHR.jpg]
[steelbattalion.org/weapons2/NPM.jpg]
[steelbattalion.org/weapons2/AVTM.jpg]
[steelbattalion.org/weapons2/AVTDV.jpg]
[steelbattalion.org/weapons2/AVTGM.jpg]
[steelbattalion.org/weapons2/Rail-G1.jpg]
[steelbattalion.org/weapons2/Rail-G2.jpg]
[steelbattalion.org/weapons2/MM.jpg]
[steelbattalion.org/weaponsSub2.html]
[steelbattalion.org/vts/hiRes/hiResvtJarM.html]
[steelbattalion.org/media/screensSB/screen1.jpg]
[steelbattalion.org/media/screensSB/thumb1.jpg]
[steelbattalion.org/media/screensSB/screen0.jpg]
[steelbattalion.org/media/screensSB/thumb0.jpg]
[steelbattalion.org/screenshotsSB.html]
[steelbattalion.org/media/moviesLOC/movie3.qt]
[steelbattalion.org/media/moviesLOC/thumb3.jpg]
[steelbattalion.org/media/moviesLOC/movie2.avi]
[steelbattalion.org/media/moviesLOC/thumb2.jpg]
[steelbattalion.org/media/moviesLOC/movie1.qt]
[steelbattalion.org/media/moviesLOC/thumb1.jpg]
[steelbattalion.org/media/moviesLOC/movie0.mpeg]
[steelbattalion.org/media/moviesLOC/thumb0.jpg]
[steelbattalion.org/moviesLOC.html]
[steelbattalion.org/media/desktops/desktop1600_14.jpg]
[steelbattalion.org/media/desktops/thumb14.jpg]
[steelbattalion.org/media/desktops/desktop1600_13.jpg]
[steelbattalion.org/media/desktops/thumb13.jpg]
[steelbattalion.org/media/desktops/desktop1600_12.jpg]
[steelbattalion.org/media/desktops/thumb12.jpg]
[steelbattalion.org/media/desktops/desktop1600_11.jpg]
[steelbattalion.org/media/desktops/thumb11.jpg]
[steelbattalion.org/media/desktops/desktop1600_10.jpg]
[steelbattalion.org/media/desktops/thumb10.jpg]
[steelbattalion.org/media/desktops/desktop1600_9.jpg]
[steelbattalion.org/media/desktops/thumb9.jpg]
[steelbattalion.org/media/desktops/desktop1600_8.jpg]
[steelbattalion.org/media/desktops/thumb8.jpg]
[steelbattalion.org/media/desktops/desktop1600_7.jpg]
[steelbattalion.org/media/desktops/thumb7.jpg]
[steelbattalion.org/media/desktops/desktop1600_6.jpg]
[steelbattalion.org/media/desktops/thumb6.jpg]
[steelbattalion.org/media/desktops/desktop1600_5.jpg]
[steelbattalion.org/media/desktops/thumb5.jpg]
[steelbattalion.org/media/desktops/desktop1600_4.jpg]
[steelbattalion.org/media/desktops/thumb4.jpg]
[steelbattalion.org/media/desktops/desktop1600_3.jpg]
[steelbattalion.org/media/desktops/thumb3.jpg]
[steelbattalion.org/media/desktops/desktop1600_2.jpg]
[steelbattalion.org/media/desktops/thumb2.jpg]
[steelbattalion.org/media/desktops/desktop1600_1.jpg]
[steelbattalion.org/media/desktops/thumb1.jpg]
[steelbattalion.org/media/desktops/desktop1600_0.jpg]
[steelbattalion.org/media/desktops/thumb0.jpg]
[steelbattalion.org/desktops1600.html]
[steelbattalion.org/media/desktops/desktop1280_14.jpg]
[steelbattalion.org/media/desktops/desktop1280_13.jpg]
[steelbattalion.org/media/desktops/desktop1280_12.jpg]
[steelbattalion.org/media/desktops/desktop1280_11.jpg]
[steelbattalion.org/media/desktops/desktop1280_10.jpg]
[steelbattalion.org/media/desktops/desktop1280_9.jpg]
[steelbattalion.org/media/desktops/desktop1280_8.jpg]
[steelbattalion.org/media/desktops/desktop1280_7.jpg]
[steelbattalion.org/media/desktops/desktop1280_6.jpg]
[steelbattalion.org/media/desktops/desktop1280_5.jpg]
[steelbattalion.org/media/desktops/desktop1280_4.jpg]
[steelbattalion.org/media/desktops/desktop1280_3.jpg]
[steelbattalion.org/media/desktops/desktop1280_2.jpg]
[steelbattalion.org/media/desktops/desktop1280_1.jpg]
[steelbattalion.org/media/desktops/desktop1280_0.jpg]
[steelbattalion.org/desktops1280.html]
[steelbattalion.org/media/desktops/desktop1024_14.jpg]
[steelbattalion.org/media/desktops/desktop1024_13.jpg]
[steelbattalion.org/media/desktops/desktop1024_12.jpg]
[steelbattalion.org/media/desktops/desktop1024_11.jpg]
[steelbattalion.org/media/desktops/desktop1024_10.jpg]
[steelbattalion.org/media/desktops/desktop1024_9.jpg]
[steelbattalion.org/media/desktops/desktop1024_8.jpg]
[steelbattalion.org/media/desktops/desktop1024_7.jpg]
[steelbattalion.org/media/desktops/desktop1024_6.jpg]
[steelbattalion.org/media/desktops/desktop1024_5.jpg]
[steelbattalion.org/media/desktops/desktop1024_4.jpg]
[steelbattalion.org/media/desktops/desktop1024_3.jpg]
[steelbattalion.org/media/desktops/desktop1024_2.jpg]
[steelbattalion.org/media/desktops/desktop1024_1.jpg]
[steelbattalion.org/media/desktops/desktop1024_0.jpg]
[steelbattalion.org/desktops1024.html]
[steelbattalion.org/media/desktops/desktop800_14.jpg]
[steelbattalion.org/media/desktops/desktop800_13.jpg]
[steelbattalion.org/media/desktops/desktop800_12.jpg]
[steelbattalion.org/media/desktops/desktop800_11.jpg]
[steelbattalion.org/media/desktops/desktop800_10.jpg]
[steelbattalion.org/media/desktops/desktop800_9.jpg]
[steelbattalion.org/media/desktops/desktop800_8.jpg]
[steelbattalion.org/media/desktops/desktop800_7.jpg]
[steelbattalion.org/media/desktops/desktop800_6.jpg]
[steelbattalion.org/media/desktops/desktop800_5.jpg]
[steelbattalion.org/media/desktops/desktop800_4.jpg]
[steelbattalion.org/media/desktops/desktop800_3.jpg]
[steelbattalion.org/media/desktops/desktop800_2.jpg]
[steelbattalion.org/media/desktops/desktop800_1.jpg]
[steelbattalion.org/media/desktops/desktop800_0.jpg]
[steelbattalion.org/desktops800.html]
[steelbattalion.org/media/avatarSigs/avatar0.jpg]
[steelbattalion.org/whitePixel.gif]
[steelbattalion.org/media/avatarSigs/avatar1.jpg]
[steelbattalion.org/media/avatarSigs/avatar2.jpg]
[steelbattalion.org/media/avatarSigs/avatar3.jpg]
[steelbattalion.org/media/avatarSigs/avatar4.jpg]
[steelbattalion.org/media/avatarSigs/avatar5.jpg]
[steelbattalion.org/media/avatarSigs/avatar6.jpg]
[steelbattalion.org/media/avatarSigs/avatar7.jpg]
[steelbattalion.org/media/avatarSigs/avatar8.jpg]
[steelbattalion.org/media/avatarSigs/avatar9.jpg]
[steelbattalion.org/media/avatarSigs/avatar10.jpg]
[steelbattalion.org/media/avatarSigs/avatar11.jpg]
[steelbattalion.org/media/avatarSigs/avatar12.jpg]
[steelbattalion.org/media/avatarSigs/avatar13.jpg]
[steelbattalion.org/media/avatarSigs/avatar14.jpg]
[steelbattalion.org/media/avatarSigs/avatar15.jpg]
[steelbattalion.org/media/avatarSigs/avatar16.jpg]
[steelbattalion.org/media/avatarSigs/avatar17.jpg]
[steelbattalion.org/media/avatarSigs/sig0.jpg]
[steelbattalion.org/media/avatarSigs/sig1.jpg]
[steelbattalion.org/media/avatarSigs/sig2.jpg]
[steelbattalion.org/media/avatarSigs/sig3.jpg]
[steelbattalion.org/media/avatarSigs/sig4.jpg]
[steelbattalion.org/media/avatarSigs/sig5.jpg]
[steelbattalion.org/avatarSigs.html]
[steelbattalion.org/media/banners/banner468x60_0.jpg]
[steelbattalion.org/media/banners/banner468x60_1.jpg]
[steelbattalion.org/media/banners/banner468x60_2.jpg]
[steelbattalion.org/media/banners/banner468x60_3.jpg]
[steelbattalion.org/media/banners/sbDotOrgAd.swf]
[steelbattalion.org/media/banners/banner600x160_0.gif]
[steelbattalion.org/banners.html]
[steelbattalion.org/locBasics.html]
[steelbattalion.org/locGameModes.html]
[steelbattalion.org/locFactions.html]
[steelbattalion.org/sexier.jpg]
[steelbattalion.org/insignias.jpg]
[steelbattalion.org/marioPaint.jpg]
[steelbattalion.org/locCustomization.html]
[steelbattalion.org/locClans.html]
[steelbattalion.org/links.html]
[steelbattalion.org/weapons/mainWeapons/270-ri.jpg]
[steelbattalion.org/weapons/mainWeapons/200-ar.jpg]
[steelbattalion.org/weapons/mainWeapons/270-ar.jpg]
[steelbattalion.org/weapons/mainWeapons/315-sb.jpg]
[steelbattalion.org/weapons/mainWeapons/315-tr.jpg]
[steelbattalion.org/weapons/mainWeapons/315-rf.jpg]
[steelbattalion.org/weapons/mainWeapons/320-sr.jpg]
[steelbattalion.org/weapons/mainWeapons/355-sb.jpg]
[steelbattalion.org/weapons/mainWeapons/355-rf.jpg]
[steelbattalion.org/weapons/mainWeapons/430-sb.jpg]
[steelbattalion.org/weapons/mainWeapons/HVM-la.jpg]
[steelbattalion.org/weapons/mainWeapons/225-Hw.jpg]
[steelbattalion.org/weapons/mainWeapons/305-Hw.jpg]
[steelbattalion.org/weapons/mainWeapons/120-MG.jpg]
[steelbattalion.org/weapons/mainWeapons/140-MG.jpg]
[steelbattalion.org/weapons/mainWeapons/4A-rec.jpg]
[steelbattalion.org/weapons/mainWeapons/77-rec.jpg]
[steelbattalion.org/weapons/mainWeapons/Mk21-R.jpg]
[steelbattalion.org/weapons/mainWeapons/Mk34-R.jpg]
[steelbattalion.org/weapons/mainWeapons/As-mis.jpg]
[steelbattalion.org/weaponsMain.html]
[steelbattalion.org/weapons/subWeapons/DP-mis.jpg]
[steelbattalion.org/weapons/subWeapons/TP-mis.jpg]
[steelbattalion.org/weapons/subWeapons/DL-GM.jpg]
[steelbattalion.org/weapons/subWeapons/67-CG.jpg]
[steelbattalion.org/weapons/subWeapons/80-CG.jpg]
[steelbattalion.org/weapons/subWeapons/100-CG.jpg]
[steelbattalion.org/weapons/subWeapons/135-MG.jpg]
[steelbattalion.org/weapons/subWeapons/370-Hw.jpg]
[steelbattalion.org/weapons/subWeapons/550-Hw.jpg]
[steelbattalion.org/weapons/subWeapons/NPM.jpg]
[steelbattalion.org/weapons/subWeapons/8-MLR.jpg]
[steelbattalion.org/weapons/subWeapons/12-MLR.jpg]
[steelbattalion.org/weapons/subWeapons/205-PT.jpg]
[steelbattalion.org/weapons/subWeapons/22b-PT.jpg]
[steelbattalion.org/weapons/subWeapons/Stun-R.jpg]
[steelbattalion.org/weapons/subWeapons/Cut-B.jpg]
[steelbattalion.org/weapons/subWeapons/GND.jpg]
[steelbattalion.org/weapons/subWeapons/T-GND.jpg]
[steelbattalion.org/weapons/subWeapons/FMTHR.jpg]
[steelbattalion.org/weapons/subWeapons/Smoke.jpg]
[steelbattalion.org/weapons/subWeapons/AVTDV.jpg]
[steelbattalion.org/weapons/subWeapons/AVTM.jpg]
[steelbattalion.org/weapons/subWeapons/AVTGM.jpg]
[steelbattalion.org/weapons/subWeapons/Rail-G1.jpg]
[steelbattalion.org/weapons/subWeapons/Rail-G2.jpg]
[steelbattalion.org/weapons/subWeapons/MM.jpg]
[steelbattalion.org/weaponsSub.html]
[steelbattalion.org/forums/index.html]
[steelbattalion.org/media/productArt/product1.jpg]
[steelbattalion.org/media/moviesSB/movie0.qt]
[steelbattalion.org/media/moviesLOC/movie0.mpeg]
[steelbattalion.org/CRA/logo.gif]
[steelbattalion.org/CRA/index.html]
[steelbattalion.org/maxfareday@locanarchy.html]
[steelbattalion.org/media/moviesSB/movie0.qt]
